[C:/Мои Web Сайты/1234/backblue.gif]
[C:/Мои Web Сайты/1234/fade.gif]
[C:/Мои Web Сайты/1234/index.html]
[C:/Мои Web Сайты/1234/cloud-1de12d.b-cdn.net/media/iW=5000&iH=any/d03-Img-Tents/image.jpg]
[C:/Мои Web Сайты/1234/cloud-1de12d.b-cdn.net/media/iW=555&iH=677&oX=0&oY=41&cW=555&cH=596/463397d4109bd3832ea7dab9d5c7f830/Screenshot_20240430_201320_OKX1.jpg]
[C:/Мои Web Сайты/1234/cloud-1de12d.b-cdn.net/media/iW=555&iH=229&oX=0&oY=35&cW=555&cH=158/98f7cca8ed0d3e327b267a5ed7764adf/Screenshot_20240430_201320_OKX12.jpg]
[C:/Мои Web Сайты/1234/cloud-1de12d.b-cdn.net/media/iW=572&iH=794&oX=8&oY=0&cW=555&cH=794/c6fa7d4f18dcceb85e78d880d185cb69/1714496154468.jpg]
[C:/Мои Web Сайты/1234/cloud-1de12d.b-cdn.net/media/iW=520&iH=291&oX=67&oY=0&cW=386&cH=291/90f3e868626d3577515c3c303719837e/instagramlogoresized-1.jpg]
[C:/Мои Web Сайты/1234/cloud-1de12d.b-cdn.net/media/iW=523&iH=292&oX=68&oY=0&cW=386&cH=292/f2cca4fc8933c71197ed887e3b99ccd5/instagramlogoresized-1.jpg]
[C:/Мои Web Сайты/1234/cloud-1de12d.b-cdn.net/media/iW=525&iH=295&oX=70&oY=0&cW=386&cH=295/14baed13ade8a2e1a11540f2ec6eb53c/2d8d6491f9e4471b93299c24cc8402cd (1).jpg]
[C:/Мои Web Сайты/1234/b-cloud.b-cdn.net/builds/free/285-cloud/editor/js/group-2.min.js]
[C:/Мои Web Сайты/1234/b-cloud.b-cdn.net/builds/free/285-cloud/editor/js/preview.min.js]
[C:/Мои Web Сайты/1234/cherry20825005.heavens.pictures/index.html]
[C:/Мои Web Сайты/1234/2d4bd1e243f43c90c8d937fcda13dbcf.s3.amazonaws.com/819385/favicon.png]
[C:/Мои Web Сайты/1234/b-cloud.b-cdn.net/builds/free/285-cloud/editor/css/group-2.min.css]
[C:/Мои Web Сайты/1234/b-cloud.b-cdn.net/builds/free/285-cloud/editor/css/preview.min.css]
